[ERROR] /home/marios/DETonomics/src/main/java/com/detonomics/budgettuner/dao/SummaryDao.java:28: Line is longer than 80 characters (found 84). [LineLength]
[ERROR] /home/marios/DETonomics/src/main/java/com/detonomics/budgettuner/dao/SummaryDao.java:65: Line is longer than 80 characters (found 82). [LineLength]
[ERROR] /home/marios/DETonomics/src/main/java/com/detonomics/budgettuner/dao/SummaryDao.java:69: Line is longer than 80 characters (found 83). [LineLength]
[ERROR] /home/marios/DETonomics/src/main/java/com/detonomics/budgettuner/gui/WelcomeController.java:25: Line is longer than 80 characters (found 83). [LineLength]
[ERROR] /home/marios/DETonomics/src/main/java/com/detonomics/budgettuner/gui/BudgetDetailsController.java:91: Line is longer than 80 characters (found 88). [LineLength]
[ERROR] /home/marios/DETonomics/src/main/java/com/detonomics/budgettuner/gui/BudgetDetailsController.java:100: Line is longer than 80 characters (found 89). [LineLength]
[ERROR] /home/marios/DETonomics/src/main/java/com/detonomics/budgettuner/gui/BudgetDetailsController.java:101: Line is longer than 80 characters (found 81). [LineLength]
[ERROR] /home/marios/DETonomics/src/main/java/com/detonomics/budgettuner/gui/BudgetDetailsController.java:107: Line is longer than 80 characters (found 88). [LineLength]
[ERROR] /home/marios/DETonomics/src/main/java/com/detonomics/budgettuner/gui/BudgetDetailsController.java:116: Line is longer than 80 characters (found 89). [LineLength]
[ERROR] /home/marios/DETonomics/src/main/java/com/detonomics/budgettuner/gui/BudgetDetailsController.java:117: Line is longer than 80 characters (found 81). [LineLength]
[ERROR] /home/marios/DETonomics/src/main/java/com/detonomics/budgettuner/gui/BudgetDetailsController.java:131: Line is longer than 80 characters (found 88). [LineLength]
[ERROR] /home/marios/DETonomics/src/main/java/com/detonomics/budgettuner/gui/BudgetDetailsController.java:133: Line is longer than 80 characters (found 81). [LineLength]
[ERROR] /home/marios/DETonomics/src/main/java/com/detonomics/budgettuner/gui/BudgetDetailsController.java:135: Line is longer than 80 characters (found 94). [LineLength]
[ERROR] /home/marios/DETonomics/src/main/java/com/detonomics/budgettuner/gui/BudgetDetailsController.java:136: Line is longer than 80 characters (found 84). [LineLength]
[ERROR] /home/marios/DETonomics/src/main/java/com/detonomics/budgettuner/gui/BudgetDetailsController.java:137: Line is longer than 80 characters (found 99). [LineLength]
[ERROR] /home/marios/DETonomics/src/main/java/com/detonomics/budgettuner/gui/BudgetDetailsController.java:138: Line is longer than 80 characters (found 115). [LineLength]
[ERROR] /home/marios/DETonomics/src/main/java/com/detonomics/budgettuner/gui/BudgetDetailsController.java:148: Line is longer than 80 characters (found 83). [LineLength]
[ERROR] /home/marios/DETonomics/src/main/java/com/detonomics/budgettuner/gui/BudgetDetailsController.java:182: Line is longer than 80 characters (found 81). [LineLength]
[ERROR] /home/marios/DETonomics/src/main/java/com/detonomics/budgettuner/gui/BudgetController.java:27: Line is longer than 80 characters (found 86). [LineLength]
[ERROR] /home/marios/DETonomics/src/main/java/com/detonomics/budgettuner/gui/BudgetController.java:76: Line is longer than 80 characters (found 82). [LineLength]
[ERROR] /home/marios/DETonomics/src/main/java/com/detonomics/budgettuner/gui/BudgetController.java:78: Line is longer than 80 characters (found 86). [LineLength]
[ERROR] /home/marios/DETonomics/src/main/java/com/detonomics/budgettuner/util/ingestion/JsonToSQLite.java:32: Line is longer than 80 characters (found 81). [LineLength]
